{
  "reportVersion": 1,
  "corpusVersion": 1,
  "apiFingerprint": "905a4b23c4c180a16ef541260c281ca6d430b3679c7066599a0f2b1f3d77f2a8",
  "status": "failed",
  "requiredScenarios": 108,
  "selectedScenarios": 136,
  "requiredSurfaces": 44,
  "requiredFamilies": 16,
  "tracks": {
    "legacyUi": {
      "status": "failed",
      "profiles": [
        {
          "status": "failed",
          "error": "",
          "traceback": "Traceback (most recent call last):\n  File \"/home/giuseppe/Documenti/Workspace/SmartPC/dashboard/check_theme_runtime_fixtures.py\", line 144, in main\n    try:report=child(json.loads(args.child),cases)\n               ^^^^^^^^^^^^^^^^^^^^^^^^^^^^^^^^^^^\n  File \"/home/giuseppe/Documenti/Workspace/SmartPC/dashboard/check_theme_runtime_fixtures.py\", line 48, in child\n    harness=LegacyHarness(base,profile)\n            ^^^^^^^^^^^^^^^^^^^^^^^^^^^\n  File \"/home/giuseppe/Documenti/Workspace/SmartPC/dashboard/theme_fixture_support.py\", line 138, in __init__\n    self.service.beginEdit();assert self.service.selectDraft(profile['theme'])\n                                    ^^^^^^^^^^^^^^^^^^^^^^^^^^^^^^^^^^^^^^^^^^\nAssertionError\n",
          "profile": {
            "theme": "retro-dots",
            "variant": "day",
            "motion": "normal"
          },
          "exitCode": 1,
          "elapsedSeconds": 0.306,
          "stderr": ""
        },
        {
          "status": "failed",
          "error": "",
          "traceback": "Traceback (most recent call last):\n  File \"/home/giuseppe/Documenti/Workspace/SmartPC/dashboard/check_theme_runtime_fixtures.py\", line 144, in main\n    try:report=child(json.loads(args.child),cases)\n               ^^^^^^^^^^^^^^^^^^^^^^^^^^^^^^^^^^^\n  File \"/home/giuseppe/Documenti/Workspace/SmartPC/dashboard/check_theme_runtime_fixtures.py\", line 48, in child\n    harness=LegacyHarness(base,profile)\n            ^^^^^^^^^^^^^^^^^^^^^^^^^^^\n  File \"/home/giuseppe/Documenti/Workspace/SmartPC/dashboard/theme_fixture_support.py\", line 138, in __init__\n    self.service.beginEdit();assert self.service.selectDraft(profile['theme'])\n                                    ^^^^^^^^^^^^^^^^^^^^^^^^^^^^^^^^^^^^^^^^^^\nAssertionError\n",
          "profile": {
            "theme": "retro-dots",
            "variant": "night",
            "motion": "off"
          },
          "exitCode": 1,
          "elapsedSeconds": 0.317,
          "stderr": ""
        }
      ],
      "uniqueScenariosPassed": 0,
      "uniqueCanonicalRequirementsPassed": 0,
      "missingScenarios": [
        "account.usage:default",
        "alerts.badge:default",
        "alerts.banner.large:default",
        "alerts.banner.small:default",
        "alerts.detail:default",
        "alerts.inbox:default",
        "alerts.urgent:default",
        "availability.weather:active",
        "availability.weather:error",
        "availability.weather:offline",
        "availability.weather:pending",
        "availability.weather:stale",
        "availability.weather:unavailable",
        "availability.weather:updating",
        "cross.motogp.racing.event.detail:circuit",
        "cross.motogp.racing.event.detail:sessions",
        "cross.motogp.racing.event.detail:summary",
        "cross.motogp.racing.live:raceControl",
        "cross.motogp.racing.live:timing",
        "cross.motogp.racing.live:track",
        "cross.motogp.racing.session.detail:results",
        "cross.motogp.racing.session.detail:session",
        "cross.motogp.racing.standings:drivers",
        "cross.sport.finished:fantacalcio",
        "cross.sport.finished:lineups",
        "cross.sport.finished:statistics",
        "cross.sport.finished:summary",
        "cross.sport.live:fantacalcio",
        "cross.sport.live:lineups",
        "cross.sport.live:statistics",
        "cross.sport.live:summary",
        "cross.sport.scheduled:fantacalcio",
        "cross.sport.scheduled:lineups",
        "cross.sport.scheduled:statistics",
        "cross.sport.scheduled:summary",
        "device.info:device",
        "device.info:network",
        "device.info:resources",
        "device.info:sources",
        "home.day:default",
        "home.now:default",
        "overlay.commands:firstRun",
        "overlay.commands:manualOpen",
        "overlay.menu:commands",
        "overlay.menu:diagnostics",
        "overlay.menu:info",
        "overlay.menu:settings",
        "overlay.summary:meteo",
        "overlay.summary:oggi",
        "racing.calendar:f1",
        "racing.calendar:motogp",
        "racing.driver.detail:details",
        "racing.driver.detail:f1",
        "racing.driver.detail:laps",
        "racing.driver.detail:liveTiming",
        "racing.driver.detail:motogp",
        "racing.driver.detail:pitStops",
        "racing.driver.detail:tyres",
        "racing.event.detail:circuit",
        "racing.event.detail:f1",
        "racing.event.detail:motogp",
        "racing.event.detail:sessions",
        "racing.event.detail:summary",
        "racing.live:f1",
        "racing.live:motogp",
        "racing.live:raceControl",
        "racing.live:timing",
        "racing.live:track",
        "racing.overview:CLASSIFICA",
        "racing.overview:IN CORSO",
        "racing.overview:PROGRAMMA",
        "racing.overview:RISULTATI",
        "racing.overview:f1",
        "racing.overview:motogp",
        "racing.session.detail:f1",
        "racing.session.detail:motogp",
        "racing.session.detail:results",
        "racing.session.detail:session",
        "racing.standings:constructors",
        "racing.standings:drivers",
        "racing.standings:f1",
        "racing.standings:motogp",
        "scene.main:actor",
        "scene.main:canvas",
        "scene.main:normal",
        "scene.main:off",
        "scene.main:paused",
        "scene.main:reduced",
        "settings.account:default",
        "settings.appearance.notifications:default",
        "settings.appearance:default",
        "settings.display:default",
        "settings.index:default",
        "settings.integrations:default",
        "settings.modules:default",
        "settings.notifications.categories:default",
        "settings.notifications.quiet:default",
        "settings.notifications:default",
        "settings.racing:f1",
        "settings.racing:motogp",
        "settings.sources:default",
        "settings.sport:available",
        "settings.sport:unverifiedGoals",
        "shell.main:night",
        "shell.main:overlay",
        "shell.main:page",
        "shell.main:recovery",
        "shell.main:urgent",
        "sport.fixtures:favourite",
        "sport.fixtures:rounds",
        "sport.match.detail:fantacalcio",
        "sport.match.detail:finished",
        "sport.match.detail:lineups",
        "sport.match.detail:live",
        "sport.match.detail:scheduled",
        "sport.match.detail:statistics",
        "sport.match.detail:summary",
        "sport.match.detail:teamRoute",
        "sport.overview:CLASSIFICA",
        "sport.overview:IN CORSO",
        "sport.overview:PROSSIME",
        "sport.overview:RISULTATI",
        "sport.standings:empty",
        "sport.standings:partial",
        "sport.team.detail:SerieAOnly",
        "sport.team.detail:fixtures",
        "sport.team.detail:info",
        "sport.team.detail:results",
        "sport.team.detail:squad",
        "sport.team.picker:none",
        "sport.team.picker:selected",
        "sport.team:noFavourite",
        "sport.team:partialCalendar",
        "sport.team:summary",
        "weather.forecast:default",
        "weather.now:default"
      ],
      "missingRequirements": [
        "account.usage:default",
        "alerts.badge:default",
        "alerts.banner.large:default",
        "alerts.banner.small:default",
        "alerts.detail:default",
        "alerts.inbox:default",
        "alerts.urgent:default",
        "device.info:device",
        "device.info:network",
        "device.info:resources",
        "device.info:sources",
        "home.day:default",
        "home.now:default",
        "overlay.commands:firstRun",
        "overlay.commands:manualOpen",
        "overlay.menu:commands",
        "overlay.menu:diagnostics",
        "overlay.menu:info",
        "overlay.menu:settings",
        "overlay.summary:meteo",
        "overlay.summary:oggi",
        "racing.calendar:f1",
        "racing.calendar:motogp",
        "racing.driver.detail:details",
        "racing.driver.detail:f1",
        "racing.driver.detail:laps",
        "racing.driver.detail:liveTiming",
        "racing.driver.detail:motogp",
        "racing.driver.detail:pitStops",
        "racing.driver.detail:tyres",
        "racing.event.detail:circuit",
        "racing.event.detail:f1",
        "racing.event.detail:motogp",
        "racing.event.detail:sessions",
        "racing.event.detail:summary",
        "racing.live:f1",
        "racing.live:motogp",
        "racing.live:raceControl",
        "racing.live:timing",
        "racing.live:track",
        "racing.overview:CLASSIFICA",
        "racing.overview:IN CORSO",
        "racing.overview:PROGRAMMA",
        "racing.overview:RISULTATI",
        "racing.overview:f1",
        "racing.overview:motogp",
        "racing.session.detail:f1",
        "racing.session.detail:motogp",
        "racing.session.detail:results",
        "racing.session.detail:session",
        "racing.standings:constructors",
        "racing.standings:drivers",
        "racing.standings:f1",
        "racing.standings:motogp",
        "scene.main:actor",
        "scene.main:canvas",
        "scene.main:normal",
        "scene.main:off",
        "scene.main:paused",
        "scene.main:reduced",
        "settings.account:default",
        "settings.appearance.notifications:default",
        "settings.appearance:default",
        "settings.display:default",
        "settings.index:default",
        "settings.integrations:default",
        "settings.modules:default",
        "settings.notifications.categories:default",
        "settings.notifications.quiet:default",
        "settings.notifications:default",
        "settings.racing:f1",
        "settings.racing:motogp",
        "settings.sources:default",
        "settings.sport:available",
        "settings.sport:unverifiedGoals",
        "shell.main:night",
        "shell.main:overlay",
        "shell.main:page",
        "shell.main:recovery",
        "shell.main:urgent",
        "sport.fixtures:favourite",
        "sport.fixtures:rounds",
        "sport.match.detail:fantacalcio",
        "sport.match.detail:finished",
        "sport.match.detail:lineups",
        "sport.match.detail:live",
        "sport.match.detail:scheduled",
        "sport.match.detail:statistics",
        "sport.match.detail:summary",
        "sport.match.detail:teamRoute",
        "sport.overview:CLASSIFICA",
        "sport.overview:IN CORSO",
        "sport.overview:PROSSIME",
        "sport.overview:RISULTATI",
        "sport.standings:empty",
        "sport.standings:partial",
        "sport.team.detail:SerieAOnly",
        "sport.team.detail:fixtures",
        "sport.team.detail:info",
        "sport.team.detail:results",
        "sport.team.detail:squad",
        "sport.team.picker:none",
        "sport.team.picker:selected",
        "sport.team:noFavourite",
        "sport.team:partialCalendar",
        "sport.team:summary",
        "weather.forecast:default",
        "weather.now:default"
      ]
    }
  },
  "publicApiBinding": {
    "status": "deferredA1",
    "reason": "Legacy-only lane; real runtime API import and adapter binding are verified separately; no fabricated complete variant-binding PASS"
  },
  "scope": "Isolated synthetic legacy UI and contract data; no live provider or physical keypad proof, no GPU time/performance claim.",
  "fullProfileMatrixExecuted": false,
  "inapplicableCombinations": [
    {
      "kind": "motogp",
      "surfaceId": "racing.driver.detail",
      "variant": "pitStops",
      "status": "inapplicable",
      "reason": "Current MotoGP driver pane exposes details only; missing data is not fabricated."
    },
    {
      "kind": "motogp",
      "surfaceId": "racing.driver.detail",
      "variant": "laps",
      "status": "inapplicable",
      "reason": "Current MotoGP driver pane exposes details only; missing data is not fabricated."
    },
    {
      "kind": "motogp",
      "surfaceId": "racing.driver.detail",
      "variant": "tyres",
      "status": "inapplicable",
      "reason": "Current MotoGP driver pane exposes details only; missing data is not fabricated."
    },
    {
      "kind": "motogp",
      "surfaceId": "racing.standings",
      "variant": "constructors",
      "status": "inapplicable",
      "reason": "Current MotoGP table has one riders tab, no F1 constructors model."
    }
  ]
}
