test_asset_escape (__main__.ThemeContractTests.test_asset_escape) ... ok
test_broken_user_pack_falls_back (__main__.ThemeContractTests.test_broken_user_pack_falls_back) ... ok
test_capabilities_and_components (__main__.ThemeContractTests.test_capabilities_and_components) ... ok
test_complete_presets (__main__.ThemeContractTests.test_complete_presets) ... ok
test_contrast (__main__.ThemeContractTests.test_contrast) ... ok
test_cycle_and_unknown_parent (__main__.ThemeContractTests.test_cycle_and_unknown_parent) ... ok
test_effective_clock_bound (__main__.ThemeContractTests.test_effective_clock_bound) ... ok
test_extension_without_resolver_changes (__main__.ThemeContractTests.test_extension_without_resolver_changes) ... ok
test_facade_contract (__main__.ThemeContractTests.test_facade_contract) ... ok
test_import_export_and_duplicates (__main__.ThemeContractTests.test_import_export_and_duplicates) ... ok
test_invalid_tokens (__main__.ThemeContractTests.test_invalid_tokens) ... ok
test_legacy_notification_recipe_aliases (__main__.ThemeContractTests.test_legacy_notification_recipe_aliases) ... ok
test_notification_inheritance_and_overrides (__main__.ThemeContractTests.test_notification_inheritance_and_overrides) ... ok
test_notification_template_envelope (__main__.ThemeContractTests.test_notification_template_envelope) ... ok
test_snapshot_isolation (__main__.ThemeContractTests.test_snapshot_isolation) ... ok
test_standalone_old_pack_gets_notification_fallbacks (__main__.ThemeContractTests.test_standalone_old_pack_gets_notification_fallbacks) ... ok
test_zero_and_typo (__main__.ThemeContractTests.test_zero_and_typo) ... ok

----------------------------------------------------------------------
Ran 17 tests in 0.335s

OK
